// Jest Snapshot v1, https://goo.gl/fbAQLP

exports[`components/TabBarIcon should render 1`] = `
<View
  style={
    Array [
      Object {
        "alignItems": "center",
        "flexBasis": 0,
        "flexGrow": 1,
        "flexShrink": 1,
        "justifyContent": "center",
        "opacity": 0.6,
      },
    ]
  }
>
  <SvgMock />
</View>
`;
