// Jest Snapshot v1, https://goo.gl/fbAQLP

exports[`containers/CreateAccountScreen should render 1`] = `
<View
  style={
    Object {
      "flex": 1,
    }
  }
>
  <RNCSafeAreaProvider
    onInsetsChange={[Function]}
    style={
      Array [
        Object {
          "flex": 1,
        },
        undefined,
      ]
    }
  >
    <RNSScreenContainer
      onLayout={[Function]}
      style={
        Object {
          "flex": 1,
        }
      }
    >
      <RNSScreen
        activityState={2}
        forwardedRef={[Function]}
        pointerEvents="box-none"
        style={
          Object {
            "bottom": 0,
            "left": 0,
            "position": "absolute",
            "right": 0,
            "top": 0,
          }
        }
      >
        <View
          collapsable={false}
          style={
            Object {
              "opacity": 1,
            }
          }
        />
        <View
          accessibilityElementsHidden={false}
          closing={false}
          gestureVelocityImpact={0.3}
          importantForAccessibility="auto"
          onClose={[Function]}
          onGestureBegin={[Function]}
          onGestureCanceled={[Function]}
          onGestureEnd={[Function]}
          onOpen={[Function]}
          onTransition={[Function]}
          pointerEvents="box-none"
          style={
            Array [
              Object {
                "overflow": undefined,
              },
              Object {
                "bottom": 0,
                "left": 0,
                "position": "absolute",
                "right": 0,
                "top": 0,
              },
            ]
          }
          transitionSpec={
            Object {
              "close": Object {
                "animation": "spring",
                "config": Object {
                  "damping": 500,
                  "mass": 3,
                  "overshootClamping": true,
                  "restDisplacementThreshold": 10,
                  "restSpeedThreshold": 10,
                  "stiffness": 1000,
                },
              },
              "open": Object {
                "animation": "spring",
                "config": Object {
                  "damping": 500,
                  "mass": 3,
                  "overshootClamping": true,
                  "restDisplacementThreshold": 10,
                  "restSpeedThreshold": 10,
                  "stiffness": 1000,
                },
              },
            }
          }
        >
          <View
            needsOffscreenAlphaCompositing={false}
            pointerEvents="box-none"
            style={
              Object {
                "flex": 1,
                "marginTop": 0,
              }
            }
          >
            <View
              collapsable={false}
              forwardedRef={[Function]}
              onGestureHandlerEvent={[Function]}
              onGestureHandlerStateChange={[Function]}
              style={
                Object {
                  "flex": 1,
                  "transform": Array [
                    Object {
                      "translateX": 0,
                    },
                    Object {
                      "translateX": 0,
                    },
                  ],
                }
              }
            >
              <View
                pointerEvents="none"
                style={
                  Object {
                    "backgroundColor": "rgb(242, 242, 242)",
                    "bottom": 0,
                    "left": 0,
                    "position": "absolute",
                    "shadowColor": "#000",
                    "shadowOffset": Object {
                      "height": 1,
                      "width": -1,
                    },
                    "shadowOpacity": 0.3,
                    "shadowRadius": 5,
                    "top": 0,
                    "width": 3,
                  }
                }
              />
              <View
                style={
                  Array [
                    Object {
                      "flex": 1,
                      "overflow": "hidden",
                    },
                    Array [
                      Object {
                        "backgroundColor": "rgb(242, 242, 242)",
                      },
                      undefined,
                    ],
                  ]
                }
              >
                <View
                  style={
                    Object {
                      "flex": 1,
                      "flexDirection": "column-reverse",
                    }
                  }
                >
                  <View
                    style={
                      Object {
                        "flex": 1,
                      }
                    }
                  >
                    <RCTSafeAreaView
                      emulateUnlessSupported={true}
                      style={
                        Array [
                          Object {
                            "flexBasis": 0,
                            "flexGrow": 1,
                            "flexShrink": 1,
                            "justifyContent": "center",
                            "marginBottom": 0,
                            "marginLeft": 16,
                            "marginRight": 16,
                            "marginTop": 0,
                          },
                        ]
                      }
                    >
                      <View>
                        <Text
                          style={
                            Array [
                              Object {
                                "fontSize": 30,
                                "fontWeight": "bold",
                                "marginBottom": 100,
                                "textAlign": "center",
                              },
                            ]
                          }
                        >
                          Create Acount
                        </Text>
                        <TextInput
                          allowFontScaling={true}
                          maxLength={50}
                          onChangeText={[Function]}
                          placeholder="Name"
                          rejectResponderTermination={true}
                          style={
                            Array [
                              Object {
                                "borderBottomColor": "#b0adac",
                                "borderBottomWidth": 0.5,
                                "borderColor": "white",
                                "height": 40,
                                "marginTop": 20,
                              },
                            ]
                          }
                          underlineColorAndroid="transparent"
                        />
                        <TextInput
                          allowFontScaling={true}
                          autoCapitalize="none"
                          autoCompleteType="email"
                          keyboardType="email-address"
                          maxLength={50}
                          onChangeText={[Function]}
                          placeholder="Email"
                          rejectResponderTermination={true}
                          style={
                            Array [
                              Object {
                                "borderBottomColor": "#b0adac",
                                "borderBottomWidth": 0.5,
                                "borderColor": "white",
                                "height": 40,
                                "marginTop": 20,
                              },
                            ]
                          }
                          underlineColorAndroid="transparent"
                        />
                        <TextInput
                          allowFontScaling={true}
                          maxLength={20}
                          onChangeText={[Function]}
                          placeholder="password"
                          rejectResponderTermination={true}
                          secureTextEntry={true}
                          style={
                            Array [
                              Object {
                                "borderBottomColor": "#b0adac",
                                "borderBottomWidth": 0.5,
                                "borderColor": "white",
                                "height": 40,
                                "marginTop": 20,
                              },
                            ]
                          }
                          underlineColorAndroid="transparent"
                        />
                        <View
                          style={
                            Array [
                              Object {
                                "flexDirection": "row",
                              },
                            ]
                          }
                        >
                          <View
                            accessibilityRole="checkbox"
                            accessibilityState={
                              Object {
                                "checked": false,
                              }
                            }
                            accessible={true}
                            focusable={true}
                            onClick={[Function]}
                            onResponderGrant={[Function]}
                            onResponderMove={[Function]}
                            onResponderRelease={[Function]}
                            onResponderTerminate={[Function]}
                            onResponderTerminationRequest={[Function]}
                            onStartShouldSetResponder={[Function]}
                            style={
                              Object {
                                "backgroundColor": "rgba(0,0,0,0)",
                                "borderColor": "#ededed",
                                "borderRadius": 3,
                                "borderWidth": 0,
                                "left": -16,
                                "margin": 5,
                                "marginLeft": 10,
                                "marginRight": 10,
                                "opacity": 1,
                                "padding": 10,
                                "top": 16,
                              }
                            }
                          >
                            <View
                              style={
                                Object {
                                  "alignItems": "center",
                                  "flexDirection": "row",
                                }
                              }
                            >
                              <Text
                                allowFontScaling={false}
                                style={
                                  Array [
                                    Object {
                                      "color": "#bfbfbf",
                                      "fontSize": 24,
                                    },
                                    Object {
                                      "minWidth": 24,
                                    },
                                    Object {
                                      "fontFamily": "FontAwesome",
                                      "fontStyle": "normal",
                                      "fontWeight": "normal",
                                    },
                                    Object {},
                                  ]
                                }
                              >
                                
                              </Text>
                              <Text
                                style={
                                  Object {
                                    "color": "#43484d",
                                    "fontWeight": "400",
                                    "marginLeft": 10,
                                    "marginRight": 10,
                                  }
                                }
                                testID="checkboxTitle"
                              >
                                I agree to
                              </Text>
                            </View>
                          </View>
                          <View
                            accessible={true}
                            focusable={true}
                            onClick={[Function]}
                            onResponderGrant={[Function]}
                            onResponderMove={[Function]}
                            onResponderRelease={[Function]}
                            onResponderTerminate={[Function]}
                            onResponderTerminationRequest={[Function]}
                            onStartShouldSetResponder={[Function]}
                            style={
                              Object {
                                "opacity": 1,
                              }
                            }
                          >
                            <Text
                              style={
                                Array [
                                  Object {
                                    "color": "#007aff",
                                    "marginLeft": -42,
                                    "marginTop": 35,
                                    "textAlign": "left",
                                  },
                                ]
                              }
                            >
                              terms and conditions
                            </Text>
                          </View>
                        </View>
                        <View
                          accessible={true}
                          focusable={true}
                          onClick={[Function]}
                          onResponderGrant={[Function]}
                          onResponderMove={[Function]}
                          onResponderRelease={[Function]}
                          onResponderTerminate={[Function]}
                          onResponderTerminationRequest={[Function]}
                          onStartShouldSetResponder={[Function]}
                          style={
                            Array [
                              Object {
                                "alignItems": "center",
                                "backgroundColor": "#1b8ffa",
                                "borderRadius": 10,
                                "height": 50,
                                "justifyContent": "center",
                                "marginTop": 100,
                              },
                            ]
                          }
                        >
                          <Text
                            style={
                              Array [
                                Object {
                                  "color": "#ffffff",
                                },
                              ]
                            }
                          >
                            Create Account
                          </Text>
                        </View>
                        <View
                          style={
                            Array [
                              Object {
                                "alignSelf": "center",
                                "flexDirection": "row",
                                "marginTop": 100,
                              },
                            ]
                          }
                        >
                          <Text
                            style={
                              Array [
                                Object {
                                  "fontSize": 14,
                                  "textAlign": "center",
                                },
                              ]
                            }
                          >
                            Already have account?
                          </Text>
                          <Text
                            onPress={[Function]}
                            style={
                              Array [
                                Object {
                                  "color": "#007aff",
                                  "fontSize": 14,
                                  "fontWeight": "bold",
                                  "marginLeft": 4,
                                  "textAlign": "center",
                                },
                              ]
                            }
                          >
                            Sign In
                          </Text>
                        </View>
                      </View>
                    </RCTSafeAreaView>
                  </View>
                </View>
              </View>
            </View>
          </View>
        </View>
      </RNSScreen>
    </RNSScreenContainer>
    <View
      pointerEvents="box-none"
      style={
        Object {
          "height": 64,
          "left": 0,
          "position": "absolute",
          "right": 0,
          "top": 0,
          "zIndex": 1,
        }
      }
    />
  </RNCSafeAreaProvider>
</View>
`;
