// Jest Snapshot v1, https://goo.gl/fbAQLP

exports[`containers/ForgotPasswordScreen should render 1`] = `
<RCTSafeAreaView
  emulateUnlessSupported={true}
  style={
    Array [
      Object {
        "flexBasis": 0,
        "flexGrow": 1,
        "flexShrink": 1,
        "marginBottom": 0,
        "marginLeft": 16,
        "marginRight": 16,
        "marginTop": 64,
      },
    ]
  }
>
  <View>
    <Text
      style={
        Array [
          Object {
            "fontSize": 30,
            "fontWeight": "bold",
            "marginBottom": 50,
            "textAlign": "center",
          },
        ]
      }
    >
      Forgot Password?
    </Text>
    <Text
      style={
        Array [
          Object {
            "color": "#9a9a9c",
            "fontSize": 18,
            "marginTop": 10,
            "textAlign": "center",
          },
        ]
      }
    >
      Confirm your email and we will send you instructions.
    </Text>
    <TextInput
      allowFontScaling={true}
      autoCapitalize="none"
      autoCompleteType="email"
      keyboardType="email-address"
      onChangeText={[Function]}
      placeholder="Email"
      rejectResponderTermination={true}
      style={
        Array [
          Object {
            "borderBottomColor": "#b0adac",
            "borderBottomWidth": 0.5,
            "borderColor": "white",
            "height": 40,
            "marginTop": 20,
          },
        ]
      }
      underlineColorAndroid="transparent"
      value=""
    />
    <View
      accessible={true}
      focusable={true}
      onClick={[Function]}
      onResponderGrant={[Function]}
      onResponderMove={[Function]}
      onResponderRelease={[Function]}
      onResponderTerminate={[Function]}
      onResponderTerminationRequest={[Function]}
      onStartShouldSetResponder={[Function]}
      style={
        Array [
          Object {
            "alignItems": "center",
            "backgroundColor": "#1b8ffa",
            "borderRadius": 10,
            "height": 50,
            "justifyContent": "center",
            "marginTop": 100,
          },
        ]
      }
    >
      <Text
        style={
          Array [
            Object {
              "color": "#ffffff",
            },
          ]
        }
      >
        Submit
      </Text>
    </View>
  </View>
</RCTSafeAreaView>
`;
