// Jest Snapshot v1, https://goo.gl/fbAQLP

exports[`components/EpisodeItem should render 1`] = `
<View
  style={
    Array [
      Object {
        "flexBasis": 0,
        "flexDirection": "row",
        "flexGrow": 1,
        "flexShrink": 1,
        "marginBottom": 0,
        "marginLeft": 16,
        "marginRight": 16,
        "marginTop": 0,
      },
    ]
  }
>
  <Image
    source={
      Object {
        "uri": "https://upload.wikimedia.org/wikipedia/commons/7/78/Swift_logo.png",
      }
    }
    style={
      Array [
        Object {
          "height": 40,
          "width": 40,
        },
      ]
    }
  />
  <View
    style={
      Array [
        Object {
          "alignItems": "flex-start",
          "flexBasis": 0,
          "flexGrow": 1,
          "flexShrink": 1,
          "marginLeft": 20,
        },
      ]
    }
  >
    <Text
      style={
        Array [
          Object {
            "fontWeight": "bold",
          },
        ]
      }
    >
      test
    </Text>
    <Text>
      testdec
    </Text>
  </View>
  <View
    accessible={true}
    focusable={false}
    onClick={[Function]}
    onResponderGrant={[Function]}
    onResponderMove={[Function]}
    onResponderRelease={[Function]}
    onResponderTerminate={[Function]}
    onResponderTerminationRequest={[Function]}
    onStartShouldSetResponder={[Function]}
    style={
      Object {
        "alignItems": "center",
        "height": 50,
        "justifyContent": "center",
        "opacity": 1,
        "width": 50,
      }
    }
  >
    <View
      style={
        Object {
          "overflow": "hidden",
        }
      }
    >
      <View>
        <View
          style={
            Object {
              "alignItems": "center",
              "backgroundColor": "transparent",
              "justifyContent": "center",
            }
          }
        >
          <Text
            allowFontScaling={false}
            style={
              Array [
                Object {
                  "color": "#242424",
                  "fontSize": 24,
                },
                Object {
                  "backgroundColor": "transparent",
                },
                Object {
                  "fontFamily": "Material Icons",
                  "fontStyle": "normal",
                  "fontWeight": "normal",
                },
                Object {},
              ]
            }
            testID="iconIcon"
          >
            î¢Ž
          </Text>
        </View>
      </View>
    </View>
  </View>
</View>
`;
