// Jest Snapshot v1, https://goo.gl/fbAQLP

exports[`containers/ChangePasswordScreen should render 1`] = `
<RCTSafeAreaView
  emulateUnlessSupported={true}
  style={
    Array [
      Object {
        "flexBasis": 0,
        "flexGrow": 1,
        "flexShrink": 1,
        "justifyContent": "center",
        "marginBottom": 0,
        "marginLeft": 16,
        "marginRight": 16,
        "marginTop": 0,
      },
    ]
  }
>
  <View>
    <Text
      style={
        Array [
          Object {
            "fontSize": 30,
            "fontWeight": "bold",
            "marginBottom": 50,
            "textAlign": "center",
          },
        ]
      }
    >
      Change Password
    </Text>
    <TextInput
      allowFontScaling={true}
      placeholder="Old Password"
      rejectResponderTermination={true}
      style={
        Array [
          Object {
            "borderBottomColor": "#b0adac",
            "borderBottomWidth": 0.5,
            "borderColor": "white",
            "height": 40,
            "marginTop": 20,
          },
        ]
      }
      underlineColorAndroid="transparent"
    />
    <TextInput
      allowFontScaling={true}
      placeholder="New Password"
      rejectResponderTermination={true}
      style={
        Array [
          Object {
            "borderBottomColor": "#b0adac",
            "borderBottomWidth": 0.5,
            "borderColor": "white",
            "height": 40,
            "marginTop": 20,
          },
        ]
      }
      underlineColorAndroid="transparent"
    />
    <TextInput
      allowFontScaling={true}
      placeholder="Confirm Password"
      rejectResponderTermination={true}
      style={
        Array [
          Object {
            "borderBottomColor": "#b0adac",
            "borderBottomWidth": 0.5,
            "borderColor": "white",
            "height": 40,
            "marginTop": 20,
          },
        ]
      }
      underlineColorAndroid="transparent"
    />
    <View
      accessible={true}
      focusable={true}
      onClick={[Function]}
      onResponderGrant={[Function]}
      onResponderMove={[Function]}
      onResponderRelease={[Function]}
      onResponderTerminate={[Function]}
      onResponderTerminationRequest={[Function]}
      onStartShouldSetResponder={[Function]}
      style={
        Array [
          Object {
            "alignItems": "center",
            "backgroundColor": "#1b8ffa",
            "borderRadius": 10,
            "height": 50,
            "justifyContent": "center",
            "marginTop": 100,
          },
        ]
      }
    >
      <Text
        style={
          Array [
            Object {
              "color": "#ffffff",
            },
          ]
        }
      >
        Continue
      </Text>
    </View>
  </View>
</RCTSafeAreaView>
`;
