// Jest Snapshot v1, https://goo.gl/fbAQLP

exports[`containers/VideoPlayer should render 1`] = `
<View
  style={
    Object {
      "flex": 1,
    }
  }
>
  <RNCSafeAreaProvider
    onInsetsChange={[Function]}
    style={
      Array [
        Object {
          "flex": 1,
        },
        undefined,
      ]
    }
  >
    <RNSScreenContainer
      onLayout={[Function]}
      style={
        Object {
          "flex": 1,
        }
      }
    >
      <RNSScreen
        activityState={2}
        forwardedRef={[Function]}
        pointerEvents="box-none"
        style={
          Object {
            "bottom": 0,
            "left": 0,
            "position": "absolute",
            "right": 0,
            "top": 0,
          }
        }
      >
        <View
          collapsable={false}
          style={
            Object {
              "opacity": 1,
            }
          }
        />
        <View
          accessibilityElementsHidden={false}
          closing={false}
          gestureVelocityImpact={0.3}
          importantForAccessibility="auto"
          onClose={[Function]}
          onGestureBegin={[Function]}
          onGestureCanceled={[Function]}
          onGestureEnd={[Function]}
          onOpen={[Function]}
          onTransition={[Function]}
          pointerEvents="box-none"
          style={
            Array [
              Object {
                "overflow": undefined,
              },
              Object {
                "bottom": 0,
                "left": 0,
                "position": "absolute",
                "right": 0,
                "top": 0,
              },
            ]
          }
          transitionSpec={
            Object {
              "close": Object {
                "animation": "spring",
                "config": Object {
                  "damping": 500,
                  "mass": 3,
                  "overshootClamping": true,
                  "restDisplacementThreshold": 10,
                  "restSpeedThreshold": 10,
                  "stiffness": 1000,
                },
              },
              "open": Object {
                "animation": "spring",
                "config": Object {
                  "damping": 500,
                  "mass": 3,
                  "overshootClamping": true,
                  "restDisplacementThreshold": 10,
                  "restSpeedThreshold": 10,
                  "stiffness": 1000,
                },
              },
            }
          }
        >
          <View
            needsOffscreenAlphaCompositing={false}
            pointerEvents="box-none"
            style={
              Object {
                "flex": 1,
                "marginTop": 0,
              }
            }
          >
            <View
              collapsable={false}
              forwardedRef={[Function]}
              onGestureHandlerEvent={[Function]}
              onGestureHandlerStateChange={[Function]}
              style={
                Object {
                  "flex": 1,
                  "transform": Array [
                    Object {
                      "translateX": 0,
                    },
                    Object {
                      "translateX": 0,
                    },
                  ],
                }
              }
            >
              <View
                pointerEvents="none"
                style={
                  Object {
                    "backgroundColor": "rgb(242, 242, 242)",
                    "bottom": 0,
                    "left": 0,
                    "position": "absolute",
                    "shadowColor": "#000",
                    "shadowOffset": Object {
                      "height": 1,
                      "width": -1,
                    },
                    "shadowOpacity": 0.3,
                    "shadowRadius": 5,
                    "top": 0,
                    "width": 3,
                  }
                }
              />
              <View
                style={
                  Array [
                    Object {
                      "flex": 1,
                      "overflow": "hidden",
                    },
                    Array [
                      Object {
                        "backgroundColor": "rgb(242, 242, 242)",
                      },
                      undefined,
                    ],
                  ]
                }
              >
                <View
                  style={
                    Object {
                      "flex": 1,
                      "flexDirection": "column-reverse",
                    }
                  }
                >
                  <View
                    style={
                      Object {
                        "flex": 1,
                      }
                    }
                  >
                    <View
                      style={
                        Array [
                          Object {
                            "backgroundColor": "#000000",
                            "flexBasis": 0,
                            "flexGrow": 1,
                            "flexShrink": 1,
                            "top": 0,
                          },
                        ]
                      }
                    >
                      <View
                        accessible={true}
                        focusable={true}
                        onClick={[Function]}
                        onResponderGrant={[Function]}
                        onResponderMove={[Function]}
                        onResponderRelease={[Function]}
                        onResponderTerminate={[Function]}
                        onResponderTerminationRequest={[Function]}
                        onStartShouldSetResponder={[Function]}
                      >
                        <Video
                          onEnd={[Function]}
                          onLoad={[Function]}
                          onProgress={[Function]}
                          paused={false}
                          resizeMode="contain"
                          source={
                            Object {
                              "uri": "https://devstreaming-cdn.apple.com/videos/streaming/examples/bipbop_16x9/bipbop_16x9_variant.m3u8",
                            }
                          }
                          style={
                            Object {
                              "bottom": 0,
                              "left": 0,
                              "position": "absolute",
                              "right": 0,
                              "top": 0,
                            }
                          }
                        />
                        <View
                          hidden={false}
                          style={
                            Array [
                              Object {
                                "bottom": 0,
                                "flexDirection": "column",
                                "height": "100%",
                                "justifyContent": "space-between",
                                "left": 0,
                                "opacity": 1,
                                "right": 0,
                                "zIndex": 1,
                              },
                            ]
                          }
                        >
                          <View
                            style={
                              Array [
                                Object {
                                  "alignContent": "center",
                                  "flexDirection": "row-reverse",
                                  "justifyContent": "space-between",
                                  "marginBottom": 0,
                                  "marginLeft": 16,
                                  "marginRight": 16,
                                  "marginTop": 24,
                                },
                              ]
                            }
                          >
                            <View
                              style={
                                Array [
                                  Object {
                                    "flexDirection": "row",
                                    "justifyContent": "space-between",
                                    "marginBottom": 8,
                                    "marginLeft": 16,
                                    "marginRight": 16,
                                    "marginTop": 8,
                                  },
                                ]
                              }
                            >
                              <View
                                accessible={true}
                                focusable={true}
                                onClick={[Function]}
                                onResponderGrant={[Function]}
                                onResponderMove={[Function]}
                                onResponderRelease={[Function]}
                                onResponderTerminate={[Function]}
                                onResponderTerminationRequest={[Function]}
                                onStartShouldSetResponder={[Function]}
                                style={
                                  Object {
                                    "opacity": 1,
                                  }
                                }
                              >
                                <View
                                  style={
                                    Object {
                                      "overflow": "hidden",
                                    }
                                  }
                                >
                                  <View
                                    style={
                                      Array [
                                        Object {
                                          "height": 24,
                                          "marginBottom": 0,
                                          "marginLeft": 8,
                                          "marginRight": 8,
                                          "marginTop": 0,
                                          "width": 24,
                                        },
                                      ]
                                    }
                                  >
                                    <View
                                      style={
                                        Object {
                                          "alignItems": "center",
                                          "backgroundColor": "transparent",
                                          "justifyContent": "center",
                                        }
                                      }
                                    >
                                      <Text
                                        allowFontScaling={false}
                                        style={
                                          Array [
                                            Object {
                                              "color": "#fff",
                                              "fontSize": 24,
                                            },
                                            Object {
                                              "backgroundColor": "transparent",
                                            },
                                            Object {
                                              "fontFamily": "Material Icons",
                                              "fontStyle": "normal",
                                              "fontWeight": "normal",
                                            },
                                            Object {},
                                          ]
                                        }
                                        testID="iconIcon"
                                      >
                                        
                                      </Text>
                                    </View>
                                  </View>
                                </View>
                              </View>
                              <View
                                style={
                                  Object {
                                    "overflow": "hidden",
                                  }
                                }
                              >
                                <View
                                  accessible={true}
                                  focusable={true}
                                  onClick={[Function]}
                                  onResponderGrant={[Function]}
                                  onResponderMove={[Function]}
                                  onResponderRelease={[Function]}
                                  onResponderTerminate={[Function]}
                                  onResponderTerminationRequest={[Function]}
                                  onStartShouldSetResponder={[Function]}
                                  style={
                                    Array [
                                      Object {
                                        "height": 24,
                                        "marginBottom": 0,
                                        "marginLeft": 8,
                                        "marginRight": 8,
                                        "marginTop": 0,
                                        "width": 24,
                                      },
                                    ]
                                  }
                                >
                                  <View
                                    style={
                                      Object {
                                        "alignItems": "center",
                                        "backgroundColor": "transparent",
                                        "justifyContent": "center",
                                      }
                                    }
                                  >
                                    <Text
                                      allowFontScaling={false}
                                      style={
                                        Array [
                                          Object {
                                            "color": "#fff",
                                            "fontSize": 24,
                                          },
                                          Object {
                                            "backgroundColor": "transparent",
                                          },
                                          Object {
                                            "fontFamily": "Material Icons",
                                            "fontStyle": "normal",
                                            "fontWeight": "normal",
                                          },
                                          Object {},
                                        ]
                                      }
                                      testID="iconIcon"
                                    >
                                      
                                    </Text>
                                  </View>
                                </View>
                              </View>
                            </View>
                          </View>
                          <View
                            style={
                              Array [
                                Object {
                                  "alignItems": "center",
                                  "flexDirection": "row",
                                  "justifyContent": "center",
                                },
                              ]
                            }
                          >
                            <View
                              accessible={true}
                              focusable={true}
                              onClick={[Function]}
                              onResponderGrant={[Function]}
                              onResponderMove={[Function]}
                              onResponderRelease={[Function]}
                              onResponderTerminate={[Function]}
                              onResponderTerminationRequest={[Function]}
                              onStartShouldSetResponder={[Function]}
                              style={
                                Object {
                                  "opacity": 1,
                                }
                              }
                            >
                              <View
                                style={
                                  Object {
                                    "overflow": "hidden",
                                  }
                                }
                              >
                                <View>
                                  <View
                                    style={
                                      Object {
                                        "alignItems": "center",
                                        "backgroundColor": "transparent",
                                        "justifyContent": "center",
                                      }
                                    }
                                  >
                                    <Text
                                      allowFontScaling={false}
                                      style={
                                        Array [
                                          Object {
                                            "color": "#fff",
                                            "fontSize": 30,
                                          },
                                          Object {
                                            "backgroundColor": "transparent",
                                          },
                                          Object {
                                            "fontFamily": "Material Icons",
                                            "fontStyle": "normal",
                                            "fontWeight": "normal",
                                          },
                                          Object {},
                                        ]
                                      }
                                      testID="iconIcon"
                                    >
                                      
                                    </Text>
                                  </View>
                                </View>
                              </View>
                            </View>
                            <View
                              style={
                                Object {
                                  "overflow": "hidden",
                                }
                              }
                            >
                              <View
                                accessible={true}
                                focusable={true}
                                onClick={[Function]}
                                onResponderGrant={[Function]}
                                onResponderMove={[Function]}
                                onResponderRelease={[Function]}
                                onResponderTerminate={[Function]}
                                onResponderTerminationRequest={[Function]}
                                onStartShouldSetResponder={[Function]}
                                style={
                                  Array [
                                    Object {
                                      "marginBottom": 0,
                                      "marginLeft": 32,
                                      "marginRight": 32,
                                      "marginTop": 0,
                                    },
                                  ]
                                }
                              >
                                <View
                                  style={
                                    Object {
                                      "alignItems": "center",
                                      "backgroundColor": "transparent",
                                      "justifyContent": "center",
                                    }
                                  }
                                >
                                  <Text
                                    allowFontScaling={false}
                                    style={
                                      Array [
                                        Object {
                                          "color": "#ffffff",
                                          "fontSize": 52,
                                        },
                                        Object {
                                          "backgroundColor": "transparent",
                                        },
                                        Object {
                                          "fontFamily": "Material Icons",
                                          "fontStyle": "normal",
                                          "fontWeight": "normal",
                                        },
                                        Object {},
                                      ]
                                    }
                                    testID="iconIcon"
                                  >
                                    
                                  </Text>
                                </View>
                              </View>
                            </View>
                            <View
                              accessible={true}
                              focusable={true}
                              onClick={[Function]}
                              onResponderGrant={[Function]}
                              onResponderMove={[Function]}
                              onResponderRelease={[Function]}
                              onResponderTerminate={[Function]}
                              onResponderTerminationRequest={[Function]}
                              onStartShouldSetResponder={[Function]}
                              style={
                                Object {
                                  "opacity": 1,
                                }
                              }
                            >
                              <View
                                style={
                                  Object {
                                    "overflow": "hidden",
                                  }
                                }
                              >
                                <View>
                                  <View
                                    style={
                                      Object {
                                        "alignItems": "center",
                                        "backgroundColor": "transparent",
                                        "justifyContent": "center",
                                      }
                                    }
                                  >
                                    <Text
                                      allowFontScaling={false}
                                      style={
                                        Array [
                                          Object {
                                            "color": "#fff",
                                            "fontSize": 30,
                                          },
                                          Object {
                                            "backgroundColor": "transparent",
                                          },
                                          Object {
                                            "fontFamily": "Material Icons",
                                            "fontStyle": "normal",
                                            "fontWeight": "normal",
                                          },
                                          Object {},
                                        ]
                                      }
                                      testID="iconIcon"
                                    >
                                      
                                    </Text>
                                  </View>
                                </View>
                              </View>
                            </View>
                          </View>
                          <View
                            onStartShouldSetResponder={[Function]}
                            onTouchEnd={[Function]}
                            style={
                              Array [
                                Object {
                                  "alignItems": "center",
                                  "flexDirection": "row",
                                  "height": 48,
                                  "justifyContent": "center",
                                  "marginBottom": 24,
                                  "marginLeft": 48,
                                  "marginRight": 48,
                                  "marginTop": 0,
                                  "paddingBottom": 0,
                                  "paddingLeft": 10,
                                  "paddingRight": 10,
                                  "paddingTop": 0,
                                },
                              ]
                            }
                          >
                            <View
                              collapsable={false}
                              onGestureHandlerEvent={[Function]}
                              onGestureHandlerStateChange={[Function]}
                              style={
                                Object {
                                  "width": 600,
                                }
                              }
                            >
                              <View
                                animated={true}
                                animationConfig={
                                  Object {
                                    "bounciness": 0,
                                  }
                                }
                                animationType="spring"
                                indeterminate={false}
                                indeterminateAnimationDuration={1000}
                                onLayout={[Function]}
                                progress={0}
                                style={
                                  Array [
                                    Object {
                                      "backgroundColor": "rgba(255, 255, 255, 0.5)",
                                      "borderColor": "white",
                                      "borderRadius": 4,
                                      "borderWidth": 1,
                                      "overflow": "hidden",
                                      "width": 600,
                                    },
                                    Array [
                                      Object {
                                        "borderColor": "rgba(255, 255, 255, 0)",
                                        "color": "#fff",
                                        "height": 3,
                                      },
                                    ],
                                  ]
                                }
                                useNativeDriver={false}
                              >
                                <View
                                  style={
                                    Object {
                                      "backgroundColor": "white",
                                      "height": 6,
                                      "transform": Array [
                                        Object {
                                          "translateX": -2.842170943040401e-14,
                                        },
                                        Object {
                                          "translateX": -299,
                                        },
                                        Object {
                                          "scaleX": 0.0001,
                                        },
                                      ],
                                    }
                                  }
                                />
                              </View>
                              <View
                                style={
                                  Object {
                                    "bottom": -8,
                                    "flexDirection": "column",
                                    "position": "absolute",
                                    "transform": Array [
                                      Object {
                                        "translateX": 0,
                                      },
                                    ],
                                    "width": 600,
                                  }
                                }
                              >
                                <Text
                                  style={
                                    Array [
                                      Object {
                                        "color": "#ffffff",
                                        "fontSize": 14,
                                        "fontWeight": "700",
                                        "left": -8,
                                      },
                                    ]
                                  }
                                >
                                  00:00
                                </Text>
                                <View
                                  style={
                                    Array [
                                      Object {
                                        "backgroundColor": "#fff",
                                        "borderRadius": 9,
                                        "height": 18,
                                        "width": 18,
                                      },
                                    ]
                                  }
                                />
                              </View>
                            </View>
                            <Text
                              style={
                                Array [
                                  Object {
                                    "color": "#fff",
                                    "fontSize": 14,
                                    "fontWeight": "700",
                                    "marginLeft": 15,
                                    "opacity": 0.5,
                                  },
                                ]
                              }
                            >
                              00:00
                            </Text>
                          </View>
                        </View>
                      </View>
                    </View>
                  </View>
                </View>
              </View>
            </View>
          </View>
        </View>
      </RNSScreen>
    </RNSScreenContainer>
    <View
      pointerEvents="box-none"
      style={
        Object {
          "height": 64,
          "left": 0,
          "position": "absolute",
          "right": 0,
          "top": 0,
          "zIndex": 1,
        }
      }
    />
  </RNCSafeAreaProvider>
</View>
`;
